// Jest Snapshot v1, https://goo.gl/fbAQLP

exports[`Profile route => api/profile POST /create-profile should create profile and return success message if all data is valid 1`] = `
Object {
  "$__": InternalCache {
    "$options": Object {
      "isNew": false,
      "skipId": true,
      "willInit": true,
    },
    "$setCalled": Set {},
    "_id": "5e2ee3d526e28e0f737a77b5",
    "activePaths": StateMachine {
      "paths": Object {
        "__v": "init",
        "_id": "init",
        "email": "init",
        "firstName": "init",
        "lastName": "init",
        "phone": "init",
      },
      "stateNames": Array [
        "require",
        "modify",
        "init",
        "default",
        "ignore",
      ],
      "states": Object {
        "default": Object {},
        "ignore": Object {},
        "init": Object {
          "__v": true,
          "_id": true,
          "email": true,
          "firstName": true,
          "lastName": true,
          "phone": true,
        },
        "modify": Object {},
        "require": Object {},
      },
    },
    "adhocPaths": undefined,
    "cachedRequired": Object {},
    "emitter": EventEmitter {
      "_events": Object {},
      "_eventsCount": 0,
      "_maxListeners": 0,
    },
    "fullPath": undefined,
    "getters": Object {},
    "inserting": undefined,
    "ownerDocument": undefined,
    "pathsToScopes": Object {},
    "populate": undefined,
    "populated": undefined,
    "removing": undefined,
    "saveError": undefined,
    "saving": undefined,
    "scope": undefined,
    "selected": Object {},
    "session": undefined,
    "shardval": undefined,
    "strictMode": true,
    "validationError": undefined,
    "version": undefined,
    "wasPopulated": false,
  },
  "$init": true,
  "$locals": Object {},
  "_doc": Object {
    "__v": 0,
    "_id": "5e2ee3d526e28e0f737a77b5",
    "email": "test@email.com",
    "firstName": "John",
    "lastName": "Doe",
    "phone": "896 7454 6546",
  },
  "email": "test@email.com",
  "errors": undefined,
  "firstName": "John",
  "isNew": false,
  "lastName": "Doe",
  "phone": "896 7454 6546",
}
`;
